
perspica/perspica-collector:0***************************************************
programlabbet/mini-ruby:125***************************************************
 joshdover/kafka:NAME="Alpine Linux"
 joshdover/kafka:PRETTY_NAME="Alpine Linux v3.3"
joshdover/kafka:0***************************************************
 mohamedamjad/nginx-session-keeper:PRETTY_NAME="Debian GNU/Linux 7 (wheezy)"
 mohamedamjad/nginx-session-keeper:NAME="Debian GNU/Linux"
mohamedamjad/nginx-session-keeper:0***************************************************
 raulmz/adempiere_380:DISTRIB_CODENAME=xenial
 raulmz/adempiere_380:DISTRIB_DESCRIPTION="Ubuntu 16.04 LTS"
 raulmz/adempiere_380:NAME="Ubuntu"
 raulmz/adempiere_380:PRETTY_NAME="Ubuntu 16.04 LTS"
 raulmz/adempiere_380:UBUNTU_CODENAME=xenial
raulmz/adempiere_380:0***************************************************
 cmathre/clay-test:DISTRIB_CODENAME=trusty
 cmathre/clay-test:DISTRIB_DESCRIPTION="Ubuntu 14.04.2 LTS"
 cmathre/clay-test:NAME="Ubuntu"
 cmathre/clay-test:PRETTY_NAME="Ubuntu 14.04.2 LTS"
cmathre/clay-test:0***************************************************
 banterability/env-test-ops:DISTRIB_CODENAME=trusty
 banterability/env-test-ops:DISTRIB_DESCRIPTION="Ubuntu 14.04.4 LTS"
 banterability/env-test-ops:NAME="Ubuntu"
 banterability/env-test-ops:PRETTY_NAME="Ubuntu 14.04.4 LTS"
banterability/env-test-ops:0***************************************************
 nginx:PRETTY_NAME="Debian GNU/Linux 9 (stretch)"
 nginx:NAME="Debian GNU/Linux"
nginx:0***************************************************
 projectfalcon/gradle-cache-resource:PRETTY_NAME="Debian GNU/Linux 8 (jessie)"
 projectfalcon/gradle-cache-resource:NAME="Debian GNU/Linux"
projectfalcon/gradle-cache-resource:0***************************************************
alpine:125***************************************************
 automatikdonn/krakenceph:NAME=Fedora
 automatikdonn/krakenceph:PRETTY_NAME="Fedora 26 (Twenty Six)"
 automatikdonn/krakenceph:CPE_NAME="cpe:/o:fedoraproject:fedora:26"
automatikdonn/krakenceph:1***************************************************
 debian:PRETTY_NAME="Debian GNU/Linux 9 (stretch)"
 debian:NAME="Debian GNU/Linux"
debian:0***************************************************
 ness2u/cockpit:DISTRIB_CODENAME=trusty
 ness2u/cockpit:DISTRIB_DESCRIPTION="Ubuntu 14.04.3 LTS"
 ness2u/cockpit:NAME="Ubuntu"
 ness2u/cockpit:PRETTY_NAME="Ubuntu 14.04.3 LTS"
ness2u/cockpit:0***************************************************
 smdion/docker-upstatsboard:DISTRIB_CODENAME=trusty
 smdion/docker-upstatsboard:DISTRIB_DESCRIPTION="Ubuntu 14.04.1 LTS"
 smdion/docker-upstatsboard:NAME="Ubuntu"
 smdion/docker-upstatsboard:PRETTY_NAME="Ubuntu 14.04.1 LTS"
smdion/docker-upstatsboard:0***************************************************
 coralproject/elkhorn:PRETTY_NAME="Debian GNU/Linux 8 (jessie)"
 coralproject/elkhorn:NAME="Debian GNU/Linux"
coralproject/elkhorn:0***************************************************
 z3ntu/android-n-build-env:DISTRIB_CODENAME=xenial
 z3ntu/android-n-build-env:DISTRIB_DESCRIPTION="Ubuntu 16.04.3 LTS"
 z3ntu/android-n-build-env:NAME="Ubuntu"
 z3ntu/android-n-build-env:PRETTY_NAME="Ubuntu 16.04.3 LTS"
 z3ntu/android-n-build-env:VERSION_CODENAME=xenial
 z3ntu/android-n-build-env:UBUNTU_CODENAME=xenial
z3ntu/android-n-build-env:0***************************************************
 daveisrising/squad:DISTRIB_CODENAME=trusty
 daveisrising/squad:DISTRIB_DESCRIPTION="Ubuntu 14.04.2 LTS"
 daveisrising/squad:NAME="Ubuntu"
 daveisrising/squad:PRETTY_NAME="Ubuntu 14.04.2 LTS"
daveisrising/squad:0***************************************************
 spunjabi/docker-whale:DISTRIB_CODENAME=trusty
 spunjabi/docker-whale:DISTRIB_DESCRIPTION="Ubuntu 14.04.2 LTS"
 spunjabi/docker-whale:NAME="Ubuntu"
 spunjabi/docker-whale:PRETTY_NAME="Ubuntu 14.04.2 LTS"
spunjabi/docker-whale:0***************************************************
 universalcore/unicore-cms-fflangola:PRETTY_NAME="Debian GNU/Linux 8 (jessie)"
 universalcore/unicore-cms-fflangola:NAME="Debian GNU/Linux"
universalcore/unicore-cms-fflangola:0***************************************************
 jasonhcwong/erlang:DISTRIB_CODENAME=trusty
 jasonhcwong/erlang:DISTRIB_DESCRIPTION="Ubuntu 14.04.3 LTS"
 jasonhcwong/erlang:NAME="Ubuntu"
 jasonhcwong/erlang:PRETTY_NAME="Ubuntu 14.04.3 LTS"
jasonhcwong/erlang:0***************************************************
 tomcat:PRETTY_NAME="Debian GNU/Linux 9 (stretch)"
 tomcat:NAME="Debian GNU/Linux"
tomcat:0***************************************************
Failure:sirile/scala-boot-test:/test/test_docker.sh: line 2: 3: Operation not permitted

sirile/scala-boot-test:None***************************************************
 tectoro/golang-nested-docker:PRETTY_NAME="Debian GNU/Linux 8 (jessie)"
 tectoro/golang-nested-docker:NAME="Debian GNU/Linux"
tectoro/golang-nested-docker:0***************************************************
 kakakikikeke/m2i:PRETTY_NAME="Debian GNU/Linux 8 (jessie)"
 kakakikikeke/m2i:NAME="Debian GNU/Linux"
kakakikikeke/m2i:0***************************************************
 spaziodati/neologism:DISTRIB_CODENAME=trusty
 spaziodati/neologism:DISTRIB_DESCRIPTION="Ubuntu 14.04.1 LTS"
 spaziodati/neologism:NAME="Ubuntu"
 spaziodati/neologism:PRETTY_NAME="Ubuntu 14.04.1 LTS"
spaziodati/neologism:0***************************************************
 moritanosuke/wallabag-docker:PRETTY_NAME="Debian GNU/Linux 8 (jessie)"
 moritanosuke/wallabag-docker:NAME="Debian GNU/Linux"
moritanosuke/wallabag-docker:0***************************************************
 thongdong7/docker-selenium:DISTRIB_CODENAME=trusty
 thongdong7/docker-selenium:DISTRIB_DESCRIPTION="Ubuntu 14.04.3 LTS"
 thongdong7/docker-selenium:NAME="Ubuntu"
 thongdong7/docker-selenium:PRETTY_NAME="Ubuntu 14.04.3 LTS"
thongdong7/docker-selenium:0***************************************************
 garrettrayj/mapnik-docker:NAME="CentOS Linux"
 garrettrayj/mapnik-docker:PRETTY_NAME="CentOS Linux 7 (Core)"
 garrettrayj/mapnik-docker:CPE_NAME="cpe:/o:centos:centos:7"
garrettrayj/mapnik-docker:0***************************************************
 jangorecki/drd-pkg:PRETTY_NAME="Debian GNU/Linux buster/sid"
 jangorecki/drd-pkg:NAME="Debian GNU/Linux"
jangorecki/drd-pkg:0***************************************************
 andresriancho/django-uwsgi-nginx-ssh:DISTRIB_CODENAME=trusty
 andresriancho/django-uwsgi-nginx-ssh:DISTRIB_DESCRIPTION="Ubuntu 14.04.2 LTS"
 andresriancho/django-uwsgi-nginx-ssh:NAME="Ubuntu"
 andresriancho/django-uwsgi-nginx-ssh:PRETTY_NAME="Ubuntu 14.04.2 LTS"
andresriancho/django-uwsgi-nginx-ssh:0***************************************************
 abienvenu/kyela:PRETTY_NAME="Debian GNU/Linux 8 (jessie)"
 abienvenu/kyela:NAME="Debian GNU/Linux"
abienvenu/kyela:0***************************************************
Failure:perspicaio/testapp:/test/test_docker.sh: line 2: 3: Operation not permitted

perspicaio/testapp:None***************************************************
 abnerzheng/catnip:PRETTY_NAME="Debian GNU/Linux 8 (jessie)"
 abnerzheng/catnip:NAME="Debian GNU/Linux"
abnerzheng/catnip:0***************************************************
 idgis/awstats:DISTRIB_CODENAME=trusty
 idgis/awstats:DISTRIB_DESCRIPTION="Ubuntu 14.04.5 LTS"
 idgis/awstats:NAME="Ubuntu"
 idgis/awstats:PRETTY_NAME="Ubuntu 14.04.5 LTS"
idgis/awstats:0***************************************************
 bowlingx/docker-nginx-php:DISTRIB_CODENAME=trusty
 bowlingx/docker-nginx-php:DISTRIB_DESCRIPTION="Ubuntu 14.04.3 LTS"
 bowlingx/docker-nginx-php:NAME="Ubuntu"
 bowlingx/docker-nginx-php:PRETTY_NAME="Ubuntu 14.04.3 LTS"
bowlingx/docker-nginx-php:0***************************************************
 satanas78/docker-whale:DISTRIB_CODENAME=trusty
 satanas78/docker-whale:DISTRIB_DESCRIPTION="Ubuntu 14.04.2 LTS"
 satanas78/docker-whale:NAME="Ubuntu"
 satanas78/docker-whale:PRETTY_NAME="Ubuntu 14.04.2 LTS"
satanas78/docker-whale:0***************************************************
 sherifmedhat/node:PRETTY_NAME="Debian GNU/Linux 8 (jessie)"
 sherifmedhat/node:NAME="Debian GNU/Linux"
sherifmedhat/node:0***************************************************
 derrickh/0419-2:DISTRIB_CODENAME=trusty
 derrickh/0419-2:DISTRIB_DESCRIPTION="Ubuntu 14.04.1 LTS"
 derrickh/0419-2:NAME="Ubuntu"
 derrickh/0419-2:PRETTY_NAME="Ubuntu 14.04.1 LTS"
derrickh/0419-2:0***************************************************
 subodhdharma/dockertest:DISTRIB_CODENAME=xenial
 subodhdharma/dockertest:DISTRIB_DESCRIPTION="Ubuntu 16.04.2 LTS"
 subodhdharma/dockertest:NAME="Ubuntu"
 subodhdharma/dockertest:PRETTY_NAME="Ubuntu 16.04.2 LTS"
 subodhdharma/dockertest:VERSION_CODENAME=xenial
 subodhdharma/dockertest:UBUNTU_CODENAME=xenial
subodhdharma/dockertest:0***************************************************
 muzili/bugzilla:NAME="CentOS Linux"
 muzili/bugzilla:PRETTY_NAME="CentOS Linux 7 (Core)"
 muzili/bugzilla:CPE_NAME="cpe:/o:centos:centos:7"
muzili/bugzilla:0***************************************************
 centos:NAME="CentOS Linux"
 centos:PRETTY_NAME="CentOS Linux 7 (Core)"
 centos:CPE_NAME="cpe:/o:centos:centos:7"
centos:0***************************************************
 gesellix/morgue:DISTRIB_CODENAME=trusty
 gesellix/morgue:DISTRIB_DESCRIPTION="Ubuntu 14.04.4 LTS"
 gesellix/morgue:NAME="Ubuntu"
 gesellix/morgue:PRETTY_NAME="Ubuntu 14.04.4 LTS"
gesellix/morgue:0***************************************************